// Jest Snapshot v1, https://goo.gl/fbAQLP

exports[`ColorButton renders without crashing 1`] = `ShallowWrapper {}`;
